
> smart-home-demo@1.0.0 dev
> vite

[33mThe CJS build of Vite's Node API is deprecated. See https://vite.dev/guide/troubleshooting.html#vite-cjs-node-api-deprecated for more details.[39m

  VITE v5.4.21  ready in 90 ms

  ➜  Local:   http://localhost:8080/
  ➜  Network: use --host to expose
[baseline-browser-mapping] The data in this module is over two months old.  To ensure accurate Baseline data, please update: `npm i baseline-browser-mapping@latest -D`
11:48:05 PM [vite] hmr update /src/ScenesList.jsx
11:48:41 PM [vite] hmr update /src/ScenesList.jsx
11:49:07 PM [vite] hmr update /src/styles.css
11:50:02 PM [vite] hmr update /src/styles.css
11:50:20 PM [vite] hmr update /src/ScenesList.jsx
11:53:05 PM [vite] hmr update /src/ScenesList.jsx
11:53:22 PM [vite] hmr update /src/styles.css
11:56:11 PM [vite] hmr update /src/ScenesList.jsx
11:56:20 PM [vite] hmr update /src/styles.css
11:56:30 PM [vite] hmr update /src/ScenesList.jsx
11:56:30 PM [vite] hmr update /src/ScenesList.jsx
11:59:54 PM [vite] hmr update /src/ScenesList.jsx
11:59:54 PM [vite] Internal server error: /Users/tong/Desktop/code/HomeTom/Front/src/ScenesList.jsx: Unterminated JSX contents. (808:16)

  806 |               </div>
  807 |             </div>
> 808 |           </div>
      |                 ^
  809 |           );
  810 | }
  811 |
  Plugin: vite:react-babel
  File: /Users/tong/Desktop/code/HomeTom/Front/src/ScenesList.jsx:808:16
  806|                </div>
  807|              </div>
  808|            </div>
     |                  ^
  809|            );
  810|  }
      at constructor (/Users/tong/Desktop/code/HomeTom/Front/node_modules/@babel/parser/lib/index.js:367:19)
      at JSXParserMixin.raise (/Users/tong/Desktop/code/HomeTom/Front/node_modules/@babel/parser/lib/index.js:6624:19)
      at JSXParserMixin.jsxReadToken (/Users/tong/Desktop/code/HomeTom/Front/node_modules/@babel/parser/lib/index.js:4477:20)
      at JSXParserMixin.getTokenFromCode (/Users/tong/Desktop/code/HomeTom/Front/node_modules/@babel/parser/lib/index.js:4803:12)
      at JSXParserMixin.nextToken (/Users/tong/Desktop/code/HomeTom/Front/node_modules/@babel/parser/lib/index.js:5807:10)
      at JSXParserMixin.next (/Users/tong/Desktop/code/HomeTom/Front/node_modules/@babel/parser/lib/index.js:5717:10)
      at JSXParserMixin.eat (/Users/tong/Desktop/code/HomeTom/Front/node_modules/@babel/parser/lib/index.js:5721:12)
      at JSXParserMixin.expect (/Users/tong/Desktop/code/HomeTom/Front/node_modules/@babel/parser/lib/index.js:6923:15)
      at JSXParserMixin.jsxParseClosingElementAt (/Users/tong/Desktop/code/HomeTom/Front/node_modules/@babel/parser/lib/index.js:4709:10)
      at JSXParserMixin.jsxParseElementAt (/Users/tong/Desktop/code/HomeTom/Front/node_modules/@babel/parser/lib/index.js:4724:37)
      at JSXParserMixin.jsxParseElementAt (/Users/tong/Desktop/code/HomeTom/Front/node_modules/@babel/parser/lib/index.js:4727:32)
      at JSXParserMixin.jsxParseElementAt (/Users/tong/Desktop/code/HomeTom/Front/node_modules/@babel/parser/lib/index.js:4727:32)
      at JSXParserMixin.jsxParseElementAt (/Users/tong/Desktop/code/HomeTom/Front/node_modules/@babel/parser/lib/index.js:4727:32)
      at JSXParserMixin.jsxParseElement (/Users/tong/Desktop/code/HomeTom/Front/node_modules/@babel/parser/lib/index.js:4778:17)
      at JSXParserMixin.parseExprAtom (/Users/tong/Desktop/code/HomeTom/Front/node_modules/@babel/parser/lib/index.js:4788:19)
      at JSXParserMixin.parseExprSubscripts (/Users/tong/Desktop/code/HomeTom/Front/node_modules/@babel/parser/lib/index.js:11145:23)
      at JSXParserMixin.parseUpdate (/Users/tong/Desktop/code/HomeTom/Front/node_modules/@babel/parser/lib/index.js:11130:21)
      at JSXParserMixin.parseMaybeUnary (/Users/tong/Desktop/code/HomeTom/Front/node_modules/@babel/parser/lib/index.js:11110:23)
      at JSXParserMixin.parseMaybeUnaryOrPrivate (/Users/tong/Desktop/code/HomeTom/Front/node_modules/@babel/parser/lib/index.js:10963:61)
      at JSXParserMixin.parseExprOps (/Users/tong/Desktop/code/HomeTom/Front/node_modules/@babel/parser/lib/index.js:10968:23)
      at JSXParserMixin.parseMaybeConditional (/Users/tong/Desktop/code/HomeTom/Front/node_modules/@babel/parser/lib/index.js:10945:23)
      at JSXParserMixin.parseMaybeAssign (/Users/tong/Desktop/code/HomeTom/Front/node_modules/@babel/parser/lib/index.js:10895:21)
      at /Users/tong/Desktop/code/HomeTom/Front/node_modules/@babel/parser/lib/index.js:10864:39
      at JSXParserMixin.allowInAnd (/Users/tong/Desktop/code/HomeTom/Front/node_modules/@babel/parser/lib/index.js:12500:12)
      at JSXParserMixin.parseMaybeAssignAllowIn (/Users/tong/Desktop/code/HomeTom/Front/node_modules/@babel/parser/lib/index.js:10864:17)
      at JSXParserMixin.parseMaybeAssignAllowInOrVoidPattern (/Users/tong/Desktop/code/HomeTom/Front/node_modules/@babel/parser/lib/index.js:12567:17)
      at JSXParserMixin.parseParenAndDistinguishExpression (/Users/tong/Desktop/code/HomeTom/Front/node_modules/@babel/parser/lib/index.js:11747:28)
      at JSXParserMixin.parseExprAtom (/Users/tong/Desktop/code/HomeTom/Front/node_modules/@babel/parser/lib/index.js:11395:23)
      at JSXParserMixin.parseExprAtom (/Users/tong/Desktop/code/HomeTom/Front/node_modules/@babel/parser/lib/index.js:4793:20)
      at JSXParserMixin.parseExprSubscripts (/Users/tong/Desktop/code/HomeTom/Front/node_modules/@babel/parser/lib/index.js:11145:23)
      at JSXParserMixin.parseUpdate (/Users/tong/Desktop/code/HomeTom/Front/node_modules/@babel/parser/lib/index.js:11130:21)
      at JSXParserMixin.parseMaybeUnary (/Users/tong/Desktop/code/HomeTom/Front/node_modules/@babel/parser/lib/index.js:11110:23)
      at JSXParserMixin.parseMaybeUnaryOrPrivate (/Users/tong/Desktop/code/HomeTom/Front/node_modules/@babel/parser/lib/index.js:10963:61)
      at JSXParserMixin.parseExprOps (/Users/tong/Desktop/code/HomeTom/Front/node_modules/@babel/parser/lib/index.js:10968:23)
      at JSXParserMixin.parseMaybeConditional (/Users/tong/Desktop/code/HomeTom/Front/node_modules/@babel/parser/lib/index.js:10945:23)
      at JSXParserMixin.parseMaybeAssign (/Users/tong/Desktop/code/HomeTom/Front/node_modules/@babel/parser/lib/index.js:10895:21)
      at JSXParserMixin.parseExpressionBase (/Users/tong/Desktop/code/HomeTom/Front/node_modules/@babel/parser/lib/index.js:10848:23)
      at /Users/tong/Desktop/code/HomeTom/Front/node_modules/@babel/parser/lib/index.js:10844:39
      at JSXParserMixin.allowInAnd (/Users/tong/Desktop/code/HomeTom/Front/node_modules/@babel/parser/lib/index.js:12495:16)
      at JSXParserMixin.parseExpression (/Users/tong/Desktop/code/HomeTom/Front/node_modules/@babel/parser/lib/index.js:10844:17)
      at JSXParserMixin.parseReturnStatement (/Users/tong/Desktop/code/HomeTom/Front/node_modules/@babel/parser/lib/index.js:13218:28)
      at JSXParserMixin.parseStatementContent (/Users/tong/Desktop/code/HomeTom/Front/node_modules/@babel/parser/lib/index.js:12874:21)
      at JSXParserMixin.parseStatementLike (/Users/tong/Desktop/code/HomeTom/Front/node_modules/@babel/parser/lib/index.js:12843:17)
      at JSXParserMixin.parseStatementListItem (/Users/tong/Desktop/code/HomeTom/Front/node_modules/@babel/parser/lib/index.js:12823:17)
      at JSXParserMixin.parseBlockOrModuleBlockBody (/Users/tong/Desktop/code/HomeTom/Front/node_modules/@babel/parser/lib/index.js:13392:61)
      at JSXParserMixin.parseBlockBody (/Users/tong/Desktop/code/HomeTom/Front/node_modules/@babel/parser/lib/index.js:13385:10)
      at JSXParserMixin.parseBlock (/Users/tong/Desktop/code/HomeTom/Front/node_modules/@babel/parser/lib/index.js:13373:10)
      at JSXParserMixin.parseFunctionBody (/Users/tong/Desktop/code/HomeTom/Front/node_modules/@babel/parser/lib/index.js:12174:24)
      at JSXParserMixin.parseFunctionBodyAndFinish (/Users/tong/Desktop/code/HomeTom/Front/node_modules/@babel/parser/lib/index.js:12160:10)
      at /Users/tong/Desktop/code/HomeTom/Front/node_modules/@babel/parser/lib/index.js:13521:12
12:01:02 AM [vite] hmr update /src/ScenesList.jsx
12:01:02 AM [vite] Internal server error: /Users/tong/Desktop/code/HomeTom/Front/src/ScenesList.jsx: Unterminated template. (806:3)

  804 |
  805 | export default ScenesList;
> 806 | ```
      |    ^
  807 |
  Plugin: vite:react-babel
  File: /Users/tong/Desktop/code/HomeTom/Front/src/ScenesList.jsx:806:3
  804|  
  805|  export default ScenesList;
  806|  ```
     |     ^
  807|  
      at constructor (/Users/tong/Desktop/code/HomeTom/Front/node_modules/@babel/parser/lib/index.js:367:19)
      at JSXParserMixin.raise (/Users/tong/Desktop/code/HomeTom/Front/node_modules/@babel/parser/lib/index.js:6624:19)
      at Object.unterminated (/Users/tong/Desktop/code/HomeTom/Front/node_modules/@babel/parser/lib/index.js:5695:20)
      at readStringContents (/Users/tong/Desktop/code/HomeTom/Front/node_modules/@babel/parser/lib/index.js:5390:14)
      at JSXParserMixin.readTemplateToken (/Users/tong/Desktop/code/HomeTom/Front/node_modules/@babel/parser/lib/index.js:6544:9)
      at JSXParserMixin.getTokenFromCode (/Users/tong/Desktop/code/HomeTom/Front/node_modules/@babel/parser/lib/index.js:6252:14)
      at JSXParserMixin.getTokenFromCode (/Users/tong/Desktop/code/HomeTom/Front/node_modules/@babel/parser/lib/index.js:4826:11)
      at JSXParserMixin.nextToken (/Users/tong/Desktop/code/HomeTom/Front/node_modules/@babel/parser/lib/index.js:5807:10)
      at JSXParserMixin.next (/Users/tong/Desktop/code/HomeTom/Front/node_modules/@babel/parser/lib/index.js:5717:10)
      at JSXParserMixin.parseTemplateElement (/Users/tong/Desktop/code/HomeTom/Front/node_modules/@babel/parser/lib/index.js:11857:10)
      at JSXParserMixin.parseTemplate (/Users/tong/Desktop/code/HomeTom/Front/node_modules/@babel/parser/lib/index.js:11864:23)
      at JSXParserMixin.parseExprAtom (/Users/tong/Desktop/code/HomeTom/Front/node_modules/@babel/parser/lib/index.js:11415:21)
      at JSXParserMixin.parseExprAtom (/Users/tong/Desktop/code/HomeTom/Front/node_modules/@babel/parser/lib/index.js:4793:20)
      at JSXParserMixin.parseExprSubscripts (/Users/tong/Desktop/code/HomeTom/Front/node_modules/@babel/parser/lib/index.js:11145:23)
      at JSXParserMixin.parseUpdate (/Users/tong/Desktop/code/HomeTom/Front/node_modules/@babel/parser/lib/index.js:11130:21)
      at JSXParserMixin.parseMaybeUnary (/Users/tong/Desktop/code/HomeTom/Front/node_modules/@babel/parser/lib/index.js:11110:23)
      at JSXParserMixin.parseMaybeUnaryOrPrivate (/Users/tong/Desktop/code/HomeTom/Front/node_modules/@babel/parser/lib/index.js:10963:61)
      at JSXParserMixin.parseExprOps (/Users/tong/Desktop/code/HomeTom/Front/node_modules/@babel/parser/lib/index.js:10968:23)
      at JSXParserMixin.parseMaybeConditional (/Users/tong/Desktop/code/HomeTom/Front/node_modules/@babel/parser/lib/index.js:10945:23)
      at JSXParserMixin.parseMaybeAssign (/Users/tong/Desktop/code/HomeTom/Front/node_modules/@babel/parser/lib/index.js:10895:21)
      at JSXParserMixin.parseExpressionBase (/Users/tong/Desktop/code/HomeTom/Front/node_modules/@babel/parser/lib/index.js:10848:23)
      at /Users/tong/Desktop/code/HomeTom/Front/node_modules/@babel/parser/lib/index.js:10844:39
      at JSXParserMixin.allowInAnd (/Users/tong/Desktop/code/HomeTom/Front/node_modules/@babel/parser/lib/index.js:12495:16)
      at JSXParserMixin.parseExpression (/Users/tong/Desktop/code/HomeTom/Front/node_modules/@babel/parser/lib/index.js:10844:17)
      at JSXParserMixin.parseStatementContent (/Users/tong/Desktop/code/HomeTom/Front/node_modules/@babel/parser/lib/index.js:12971:23)
      at JSXParserMixin.parseStatementLike (/Users/tong/Desktop/code/HomeTom/Front/node_modules/@babel/parser/lib/index.js:12843:17)
      at JSXParserMixin.parseModuleItem (/Users/tong/Desktop/code/HomeTom/Front/node_modules/@babel/parser/lib/index.js:12820:17)
      at JSXParserMixin.parseBlockOrModuleBlockBody (/Users/tong/Desktop/code/HomeTom/Front/node_modules/@babel/parser/lib/index.js:13392:36)
      at JSXParserMixin.parseBlockBody (/Users/tong/Desktop/code/HomeTom/Front/node_modules/@babel/parser/lib/index.js:13385:10)
      at JSXParserMixin.parseProgram (/Users/tong/Desktop/code/HomeTom/Front/node_modules/@babel/parser/lib/index.js:12698:10)
      at JSXParserMixin.parseTopLevel (/Users/tong/Desktop/code/HomeTom/Front/node_modules/@babel/parser/lib/index.js:12688:25)
      at JSXParserMixin.parse (/Users/tong/Desktop/code/HomeTom/Front/node_modules/@babel/parser/lib/index.js:14568:25)
      at parse (/Users/tong/Desktop/code/HomeTom/Front/node_modules/@babel/parser/lib/index.js:14602:38)
      at parser (/Users/tong/Desktop/code/HomeTom/Front/node_modules/@babel/core/lib/parser/index.js:41:34)
      at parser.next (<anonymous>)
      at normalizeFile (/Users/tong/Desktop/code/HomeTom/Front/node_modules/@babel/core/lib/transformation/normalize-file.js:64:37)
      at normalizeFile.next (<anonymous>)
      at run (/Users/tong/Desktop/code/HomeTom/Front/node_modules/@babel/core/lib/transformation/index.js:22:50)
      at run.next (<anonymous>)
      at transform (/Users/tong/Desktop/code/HomeTom/Front/node_modules/@babel/core/lib/transform.js:22:33)
      at transform.next (<anonymous>)
      at step (/Users/tong/Desktop/code/HomeTom/Front/node_modules/gensync/index.js:261:32)
      at /Users/tong/Desktop/code/HomeTom/Front/node_modules/gensync/index.js:273:13
      at async.call.result.err.err (/Users/tong/Desktop/code/HomeTom/Front/node_modules/gensync/index.js:223:11)
      at /Users/tong/Desktop/code/HomeTom/Front/node_modules/gensync/index.js:189:28
      at /Users/tong/Desktop/code/HomeTom/Front/node_modules/@babel/core/lib/gensync-utils/async.js:67:7
      at /Users/tong/Desktop/code/HomeTom/Front/node_modules/gensync/index.js:113:33
      at step (/Users/tong/Desktop/code/HomeTom/Front/node_modules/gensync/index.js:287:14)
      at /Users/tong/Desktop/code/HomeTom/Front/node_modules/gensync/index.js:273:13
      at async.call.result.err.err (/Users/tong/Desktop/code/HomeTom/Front/node_modules/gensync/index.js:223:11)
12:01:20 AM [vite] hmr update /src/ScenesList.jsx
12:01:53 AM [vite] hmr update /src/styles.css
12:02:18 AM [vite] hmr update /src/styles.css
12:12:38 AM [vite] hmr update /src/styles.css
12:12:38 AM [vite] hmr update /src/ScenesList.jsx
